Archive member included because of file (symbol)

c:/program files (x86)/atmel/atmel toolchain/avr8 gcc/native/3.4.2.939/avr8-gnu-toolchain/bin/../lib/gcc/avr/4.7.2/avr5\libgcc.a(_exit.o)
                              c:/program files (x86)/atmel/atmel toolchain/avr8 gcc/native/3.4.2.939/avr8-gnu-toolchain/bin/../lib/gcc/avr/4.7.2/../../../../avr/lib/avr5/crtm328p.o (exit)
c:/program files (x86)/atmel/atmel toolchain/avr8 gcc/native/3.4.2.939/avr8-gnu-toolchain/bin/../lib/gcc/avr/4.7.2/avr5\libgcc.a(_copy_data.o)
                              BCD_Clock.o (__do_copy_data)
c:/program files (x86)/atmel/atmel toolchain/avr8 gcc/native/3.4.2.939/avr8-gnu-toolchain/bin/../lib/gcc/avr/4.7.2/avr5\libgcc.a(_clear_bss.o)
                              BCD_Clock.o (__do_clear_bss)

Allocating common symbols
Common symbol       size              file

time                0x5               BCD_Clock.o

Discarded input sections

 .bss           0x00000000        0x0 c:/program files (x86)/atmel/atmel toolchain/avr8 gcc/native/3.4.2.939/avr8-gnu-toolchain/bin/../lib/gcc/avr/4.7.2/../../../../avr/lib/avr5/crtm328p.o
 .text          0x00000000        0x0 BCD_Clock.o
 .bss           0x00000000        0x0 BCD_Clock.o
 .bss.userint   0x00000000        0x1 BCD_Clock.o
 .text          0x00000000        0x0 TWI.o
 .bss           0x00000000        0x0 TWI.o
 .text.TWIStop  0x00000000        0x8 TWI.o
 .text          0x00000000        0x0 c:/program files (x86)/atmel/atmel toolchain/avr8 gcc/native/3.4.2.939/avr8-gnu-toolchain/bin/../lib/gcc/avr/4.7.2/avr5\libgcc.a(_exit.o)
 .bss           0x00000000        0x0 c:/program files (x86)/atmel/atmel toolchain/avr8 gcc/native/3.4.2.939/avr8-gnu-toolchain/bin/../lib/gcc/avr/4.7.2/avr5\libgcc.a(_exit.o)
 .text.libgcc.mul
                0x00000000        0x0 c:/program files (x86)/atmel/atmel toolchain/avr8 gcc/native/3.4.2.939/avr8-gnu-toolchain/bin/../lib/gcc/avr/4.7.2/avr5\libgcc.a(_exit.o)
 .text.libgcc.div
                0x00000000        0x0 c:/program files (x86)/atmel/atmel toolchain/avr8 gcc/native/3.4.2.939/avr8-gnu-toolchain/bin/../lib/gcc/avr/4.7.2/avr5\libgcc.a(_exit.o)
 .text.libgcc   0x00000000        0x0 c:/program files (x86)/atmel/atmel toolchain/avr8 gcc/native/3.4.2.939/avr8-gnu-toolchain/bin/../lib/gcc/avr/4.7.2/avr5\libgcc.a(_exit.o)
 .text.libgcc.prologue
                0x00000000        0x0 c:/program files (x86)/atmel/atmel toolchain/avr8 gcc/native/3.4.2.939/avr8-gnu-toolchain/bin/../lib/gcc/avr/4.7.2/avr5\libgcc.a(_exit.o)
 .text.libgcc.builtins
                0x00000000        0x0 c:/program files (x86)/atmel/atmel toolchain/avr8 gcc/native/3.4.2.939/avr8-gnu-toolchain/bin/../lib/gcc/avr/4.7.2/avr5\libgcc.a(_exit.o)
 .text.libgcc.fmul
                0x00000000        0x0 c:/program files (x86)/atmel/atmel toolchain/avr8 gcc/native/3.4.2.939/avr8-gnu-toolchain/bin/../lib/gcc/avr/4.7.2/avr5\libgcc.a(_exit.o)
 .text          0x00000000        0x0 c:/program files (x86)/atmel/atmel toolchain/avr8 gcc/native/3.4.2.939/avr8-gnu-toolchain/bin/../lib/gcc/avr/4.7.2/avr5\libgcc.a(_copy_data.o)
 .bss           0x00000000        0x0 c:/program files (x86)/atmel/atmel toolchain/avr8 gcc/native/3.4.2.939/avr8-gnu-toolchain/bin/../lib/gcc/avr/4.7.2/avr5\libgcc.a(_copy_data.o)
 .text.libgcc.mul
                0x00000000        0x0 c:/program files (x86)/atmel/atmel toolchain/avr8 gcc/native/3.4.2.939/avr8-gnu-toolchain/bin/../lib/gcc/avr/4.7.2/avr5\libgcc.a(_copy_data.o)
 .text.libgcc.div
                0x00000000        0x0 c:/program files (x86)/atmel/atmel toolchain/avr8 gcc/native/3.4.2.939/avr8-gnu-toolchain/bin/../lib/gcc/avr/4.7.2/avr5\libgcc.a(_copy_data.o)
 .text.libgcc   0x00000000        0x0 c:/program files (x86)/atmel/atmel toolchain/avr8 gcc/native/3.4.2.939/avr8-gnu-toolchain/bin/../lib/gcc/avr/4.7.2/avr5\libgcc.a(_copy_data.o)
 .text.libgcc.prologue
                0x00000000        0x0 c:/program files (x86)/atmel/atmel toolchain/avr8 gcc/native/3.4.2.939/avr8-gnu-toolchain/bin/../lib/gcc/avr/4.7.2/avr5\libgcc.a(_copy_data.o)
 .text.libgcc.builtins
                0x00000000        0x0 c:/program files (x86)/atmel/atmel toolchain/avr8 gcc/native/3.4.2.939/avr8-gnu-toolchain/bin/../lib/gcc/avr/4.7.2/avr5\libgcc.a(_copy_data.o)
 .text.libgcc.fmul
                0x00000000        0x0 c:/program files (x86)/atmel/atmel toolchain/avr8 gcc/native/3.4.2.939/avr8-gnu-toolchain/bin/../lib/gcc/avr/4.7.2/avr5\libgcc.a(_copy_data.o)
 .text          0x00000000        0x0 c:/program files (x86)/atmel/atmel toolchain/avr8 gcc/native/3.4.2.939/avr8-gnu-toolchain/bin/../lib/gcc/avr/4.7.2/avr5\libgcc.a(_clear_bss.o)
 .bss           0x00000000        0x0 c:/program files (x86)/atmel/atmel toolchain/avr8 gcc/native/3.4.2.939/avr8-gnu-toolchain/bin/../lib/gcc/avr/4.7.2/avr5\libgcc.a(_clear_bss.o)
 .text.libgcc.mul
                0x00000000        0x0 c:/program files (x86)/atmel/atmel toolchain/avr8 gcc/native/3.4.2.939/avr8-gnu-toolchain/bin/../lib/gcc/avr/4.7.2/avr5\libgcc.a(_clear_bss.o)
 .text.libgcc.div
                0x00000000        0x0 c:/program files (x86)/atmel/atmel toolchain/avr8 gcc/native/3.4.2.939/avr8-gnu-toolchain/bin/../lib/gcc/avr/4.7.2/avr5\libgcc.a(_clear_bss.o)
 .text.libgcc   0x00000000        0x0 c:/program files (x86)/atmel/atmel toolchain/avr8 gcc/native/3.4.2.939/avr8-gnu-toolchain/bin/../lib/gcc/avr/4.7.2/avr5\libgcc.a(_clear_bss.o)
 .text.libgcc.prologue
                0x00000000        0x0 c:/program files (x86)/atmel/atmel toolchain/avr8 gcc/native/3.4.2.939/avr8-gnu-toolchain/bin/../lib/gcc/avr/4.7.2/avr5\libgcc.a(_clear_bss.o)
 .text.libgcc.builtins
                0x00000000        0x0 c:/program files (x86)/atmel/atmel toolchain/avr8 gcc/native/3.4.2.939/avr8-gnu-toolchain/bin/../lib/gcc/avr/4.7.2/avr5\libgcc.a(_clear_bss.o)
 .text.libgcc.fmul
                0x00000000        0x0 c:/program files (x86)/atmel/atmel toolchain/avr8 gcc/native/3.4.2.939/avr8-gnu-toolchain/bin/../lib/gcc/avr/4.7.2/avr5\libgcc.a(_clear_bss.o)

Memory Configuration

Name             Origin             Length             Attributes
text             0x00000000         0x00020000         xr
data             0x00800060         0x0000ffa0         rw !x
eeprom           0x00810000         0x00010000         rw !x
fuse             0x00820000         0x00000400         rw !x
lock             0x00830000         0x00000400         rw !x
signature        0x00840000         0x00000400         rw !x
user_signatures  0x00850000         0x00000400         rw !x
*default*        0x00000000         0xffffffff

Linker script and memory map

Address of section .data set to 0x800100
LOAD c:/program files (x86)/atmel/atmel toolchain/avr8 gcc/native/3.4.2.939/avr8-gnu-toolchain/bin/../lib/gcc/avr/4.7.2/../../../../avr/lib/avr5/crtm328p.o
LOAD BCD_Clock.o
LOAD TWI.o
START GROUP
LOAD c:/program files (x86)/atmel/atmel toolchain/avr8 gcc/native/3.4.2.939/avr8-gnu-toolchain/bin/../lib/gcc/avr/4.7.2/../../../../avr/lib/avr5\libm.a
END GROUP
LOAD c:/program files (x86)/atmel/atmel toolchain/avr8 gcc/native/3.4.2.939/avr8-gnu-toolchain/bin/../lib/gcc/avr/4.7.2/avr5\libgcc.a
LOAD c:/program files (x86)/atmel/atmel toolchain/avr8 gcc/native/3.4.2.939/avr8-gnu-toolchain/bin/../lib/gcc/avr/4.7.2/../../../../avr/lib/avr5\libc.a
LOAD c:/program files (x86)/atmel/atmel toolchain/avr8 gcc/native/3.4.2.939/avr8-gnu-toolchain/bin/../lib/gcc/avr/4.7.2/avr5\libgcc.a

.hash
 *(.hash)

.dynsym
 *(.dynsym)

.dynstr
 *(.dynstr)

.gnu.version
 *(.gnu.version)

.gnu.version_d
 *(.gnu.version_d)

.gnu.version_r
 *(.gnu.version_r)

.rel.init
 *(.rel.init)

.rela.init
 *(.rela.init)

.rel.text
 *(.rel.text)
 *(.rel.text.*)
 *(.rel.gnu.linkonce.t*)

.rela.text
 *(.rela.text)
 *(.rela.text.*)
 *(.rela.gnu.linkonce.t*)

.rel.fini
 *(.rel.fini)

.rela.fini
 *(.rela.fini)

.rel.rodata
 *(.rel.rodata)
 *(.rel.rodata.*)
 *(.rel.gnu.linkonce.r*)

.rela.rodata
 *(.rela.rodata)
 *(.rela.rodata.*)
 *(.rela.gnu.linkonce.r*)

.rel.data
 *(.rel.data)
 *(.rel.data.*)
 *(.rel.gnu.linkonce.d*)

.rela.data
 *(.rela.data)
 *(.rela.data.*)
 *(.rela.gnu.linkonce.d*)

.rel.ctors
 *(.rel.ctors)

.rela.ctors
 *(.rela.ctors)

.rel.dtors
 *(.rel.dtors)

.rela.dtors
 *(.rela.dtors)

.rel.got
 *(.rel.got)

.rela.got
 *(.rela.got)

.rel.bss
 *(.rel.bss)

.rela.bss
 *(.rela.bss)

.rel.plt
 *(.rel.plt)

.rela.plt
 *(.rela.plt)

.text           0x00000000      0x394
 *(.vectors)
 .vectors       0x00000000       0x68 c:/program files (x86)/atmel/atmel toolchain/avr8 gcc/native/3.4.2.939/avr8-gnu-toolchain/bin/../lib/gcc/avr/4.7.2/../../../../avr/lib/avr5/crtm328p.o
                0x00000000                __vector_default
                0x00000000                __vectors
 *(.vectors)
 *(.progmem.gcc*)
 *(.progmem*)
                0x00000068                . = ALIGN (0x2)
                0x00000068                __trampolines_start = .
 *(.trampolines)
 .trampolines   0x00000068        0x0 linker stubs
 *(.trampolines*)
                0x00000068                __trampolines_end = .
 *(.jumptables)
 *(.jumptables*)
 *(.lowtext)
 *(.lowtext*)
                0x00000068                __ctors_start = .
 *(.ctors)
                0x00000068                __ctors_end = .
                0x00000068                __dtors_start = .
 *(.dtors)
                0x00000068                __dtors_end = .
 SORT(*)(.ctors)
 SORT(*)(.dtors)
 *(.init0)
 .init0         0x00000068        0x0 c:/program files (x86)/atmel/atmel toolchain/avr8 gcc/native/3.4.2.939/avr8-gnu-toolchain/bin/../lib/gcc/avr/4.7.2/../../../../avr/lib/avr5/crtm328p.o
                0x00000068                __init
 *(.init0)
 *(.init1)
 *(.init1)
 *(.init2)
 .init2         0x00000068        0xc c:/program files (x86)/atmel/atmel toolchain/avr8 gcc/native/3.4.2.939/avr8-gnu-toolchain/bin/../lib/gcc/avr/4.7.2/../../../../avr/lib/avr5/crtm328p.o
 *(.init2)
 *(.init3)
 *(.init3)
 *(.init4)
 .init4         0x00000074       0x16 c:/program files (x86)/atmel/atmel toolchain/avr8 gcc/native/3.4.2.939/avr8-gnu-toolchain/bin/../lib/gcc/avr/4.7.2/avr5\libgcc.a(_copy_data.o)
                0x00000074                __do_copy_data
 .init4         0x0000008a       0x10 c:/program files (x86)/atmel/atmel toolchain/avr8 gcc/native/3.4.2.939/avr8-gnu-toolchain/bin/../lib/gcc/avr/4.7.2/avr5\libgcc.a(_clear_bss.o)
                0x0000008a                __do_clear_bss
 *(.init4)
 *(.init5)
 *(.init5)
 *(.init6)
 *(.init6)
 *(.init7)
 *(.init7)
 *(.init8)
 *(.init8)
 *(.init9)
 .init9         0x0000009a        0x8 c:/program files (x86)/atmel/atmel toolchain/avr8 gcc/native/3.4.2.939/avr8-gnu-toolchain/bin/../lib/gcc/avr/4.7.2/../../../../avr/lib/avr5/crtm328p.o
 *(.init9)
 *(.text)
 .text          0x000000a2        0x4 c:/program files (x86)/atmel/atmel toolchain/avr8 gcc/native/3.4.2.939/avr8-gnu-toolchain/bin/../lib/gcc/avr/4.7.2/../../../../avr/lib/avr5/crtm328p.o
                0x000000a2                __vector_22
                0x000000a2                __vector_24
                0x000000a2                __vector_12
                0x000000a2                __bad_interrupt
                0x000000a2                __vector_6
                0x000000a2                __vector_3
                0x000000a2                __vector_23
                0x000000a2                __vector_25
                0x000000a2                __vector_11
                0x000000a2                __vector_13
                0x000000a2                __vector_17
                0x000000a2                __vector_19
                0x000000a2                __vector_7
                0x000000a2                __vector_5
                0x000000a2                __vector_4
                0x000000a2                __vector_9
                0x000000a2                __vector_2
                0x000000a2                __vector_21
                0x000000a2                __vector_15
                0x000000a2                __vector_8
                0x000000a2                __vector_14
                0x000000a2                __vector_10
                0x000000a2                __vector_16
                0x000000a2                __vector_18
                0x000000a2                __vector_20
                0x000000a6                . = ALIGN (0x2)
 *(.text.*)
 .text.startup.main
                0x000000a6      0x1a0 BCD_Clock.o
                0x000000a6                main
 .text.__vector_1
                0x00000246       0x1e BCD_Clock.o
                0x00000246                __vector_1
 .text.TWIInit  0x00000264       0x14 TWI.o
                0x00000264                TWIInit
 .text.TWIStart
                0x00000278       0x10 TWI.o
                0x00000278                TWIStart
 .text.TWIAddress
                0x00000288       0x1a TWI.o
                0x00000288                TWIAddress
 .text.TWIWrite
                0x000002a2       0x5c TWI.o
                0x000002a2                TWIWrite
 .text.TWIReadACK
                0x000002fe       0x14 TWI.o
                0x000002fe                TWIReadACK
 .text.TWIReadNACK
                0x00000312       0x14 TWI.o
                0x00000312                TWIReadNACK
 .text.TWIRead  0x00000326       0x6a TWI.o
                0x00000326                TWIRead
                0x00000390                . = ALIGN (0x2)
 *(.fini9)
 .fini9         0x00000390        0x0 c:/program files (x86)/atmel/atmel toolchain/avr8 gcc/native/3.4.2.939/avr8-gnu-toolchain/bin/../lib/gcc/avr/4.7.2/avr5\libgcc.a(_exit.o)
                0x00000390                _exit
                0x00000390                exit
 *(.fini9)
 *(.fini8)
 *(.fini8)
 *(.fini7)
 *(.fini7)
 *(.fini6)
 *(.fini6)
 *(.fini5)
 *(.fini5)
 *(.fini4)
 *(.fini4)
 *(.fini3)
 *(.fini3)
 *(.fini2)
 *(.fini2)
 *(.fini1)
 *(.fini1)
 *(.fini0)
 .fini0         0x00000390        0x4 c:/program files (x86)/atmel/atmel toolchain/avr8 gcc/native/3.4.2.939/avr8-gnu-toolchain/bin/../lib/gcc/avr/4.7.2/avr5\libgcc.a(_exit.o)
 *(.fini0)
                0x00000394                _etext = .

.data           0x00800100       0x12 load address 0x00000394
                0x00800100                PROVIDE (__data_start, .)
 *(.data)
 .data          0x00800100        0x0 c:/program files (x86)/atmel/atmel toolchain/avr8 gcc/native/3.4.2.939/avr8-gnu-toolchain/bin/../lib/gcc/avr/4.7.2/../../../../avr/lib/avr5/crtm328p.o
 .data          0x00800100        0x0 BCD_Clock.o
 .data          0x00800100        0x0 TWI.o
 .data          0x00800100        0x0 c:/program files (x86)/atmel/atmel toolchain/avr8 gcc/native/3.4.2.939/avr8-gnu-toolchain/bin/../lib/gcc/avr/4.7.2/avr5\libgcc.a(_exit.o)
 .data          0x00800100        0x0 c:/program files (x86)/atmel/atmel toolchain/avr8 gcc/native/3.4.2.939/avr8-gnu-toolchain/bin/../lib/gcc/avr/4.7.2/avr5\libgcc.a(_copy_data.o)
 .data          0x00800100        0x0 c:/program files (x86)/atmel/atmel toolchain/avr8 gcc/native/3.4.2.939/avr8-gnu-toolchain/bin/../lib/gcc/avr/4.7.2/avr5\libgcc.a(_clear_bss.o)
 *(.data*)
 .data.time_index
                0x00800100        0x1 BCD_Clock.o
 *(.rodata)
 .rodata        0x00800101        0x9 BCD_Clock.o
 *(.rodata*)
 .rodata.FETORDER
                0x0080010a        0x8 BCD_Clock.o
 *(.gnu.linkonce.d*)
                0x00800112                . = ALIGN (0x2)
                0x00800112                _edata = .
                0x00800112                PROVIDE (__data_end, .)

.bss            0x00800112        0x6
                0x00800112                PROVIDE (__bss_start, .)
 *(.bss)
 *(.bss*)
 .bss.tick      0x00800112        0x1 BCD_Clock.o
                0x00800112                tick
 *(COMMON)
 COMMON         0x00800113        0x5 BCD_Clock.o
                0x00800113                time
                0x00800118                PROVIDE (__bss_end, .)
                0x00000394                __data_load_start = LOADADDR (.data)
                0x000003a6                __data_load_end = (__data_load_start + SIZEOF (.data))

.noinit         0x00800118        0x0
                0x00800118                PROVIDE (__noinit_start, .)
 *(.noinit*)
                0x00800118                PROVIDE (__noinit_end, .)
                0x00800118                _end = .
                0x00800118                PROVIDE (__heap_start, .)

.eeprom         0x00810000        0x0
 *(.eeprom*)
                0x00810000                __eeprom_end = .

.fuse
 *(.fuse)
 *(.lfuse)
 *(.hfuse)
 *(.efuse)

.lock
 *(.lock*)

.signature
 *(.signature*)

.user_signatures
 *(.user_signatures*)

.stab           0x00000000      0x6cc
 *(.stab)
 .stab          0x00000000      0x6cc c:/program files (x86)/atmel/atmel toolchain/avr8 gcc/native/3.4.2.939/avr8-gnu-toolchain/bin/../lib/gcc/avr/4.7.2/../../../../avr/lib/avr5/crtm328p.o

.stabstr        0x00000000       0x97
 *(.stabstr)
 .stabstr       0x00000000       0x97 c:/program files (x86)/atmel/atmel toolchain/avr8 gcc/native/3.4.2.939/avr8-gnu-toolchain/bin/../lib/gcc/avr/4.7.2/../../../../avr/lib/avr5/crtm328p.o

.stab.excl
 *(.stab.excl)

.stab.exclstr
 *(.stab.exclstr)

.stab.index
 *(.stab.index)

.stab.indexstr
 *(.stab.indexstr)

.comment        0x00000000       0x2f
 *(.comment)
 .comment       0x00000000       0x2f BCD_Clock.o
                                 0x30 (size before relaxing)
 .comment       0x00000000       0x30 TWI.o

.debug
 *(.debug)

.line
 *(.line)

.debug_srcinfo
 *(.debug_srcinfo)

.debug_sfnames
 *(.debug_sfnames)

.debug_aranges
 *(.debug_aranges)

.debug_pubnames
 *(.debug_pubnames)

.debug_info
 *(.debug_info)
 *(.gnu.linkonce.wi.*)

.debug_abbrev
 *(.debug_abbrev)

.debug_line
 *(.debug_line)

.debug_frame
 *(.debug_frame)

.debug_str
 *(.debug_str)

.debug_loc
 *(.debug_loc)

.debug_macinfo
 *(.debug_macinfo)

.debug_pubtypes
 *(.debug_pubtypes)

.debug_ranges
 *(.debug_ranges)

.debug_macro
 *(.debug_macro)
OUTPUT(BCD_Clock.elf elf32-avr)
LOAD linker stubs
